#1    op=0x001001                seq=23915 size=8  
      data bytes : 00 00 56 00 01 00 00 00
      data words : 00560000 00000001
      if SET    : arg0/offset=0x560000  arg1/len=0x1
      completion : vec0=0x20000000 vec3=0x1 vec0=0x20000000 vec3=0x2
#2    op=0x001001                seq=23916 size=8  
      data bytes : 00 00 56 00 01 00 00 00
      data words : 00560000 00000001
      if SET    : arg0/offset=0x560000  arg1/len=0x1
      completion : vec0=0x20000000 vec3=0x1 vec0=0x20000000 vec3=0x2
#3    op=0x001001                seq=23917 size=8  
      data bytes : 00 00 56 00 01 00 00 00
      data words : 00560000 00000001
      if SET    : arg0/offset=0x560000  arg1/len=0x1
      completion : vec0=0x20000000 vec3=0x1 vec0=0x20000000 vec3=0x2
#4    op=0x001001                seq=23918 size=8  
      data bytes : 00 00 56 00 01 00 00 00
      data words : 00560000 00000001
      if SET    : arg0/offset=0x560000  arg1/len=0x1
      completion : vec0=0x20000000 vec3=0x1 vec0=0x20000000 vec3=0x2
#5    op=0x001001                seq=23919 size=8  
      data bytes : 00 00 56 00 01 00 00 00
      data words : 00560000 00000001
      if SET    : arg0/offset=0x560000  arg1/len=0x1
      completion : vec0=0x20000000 vec3=0x1 vec0=0x20000000 vec3=0x2
#6    op=0x001001                seq=23920 size=8  
      data bytes : 00 00 56 00 01 00 00 00
      data words : 00560000 00000001
      if SET    : arg0/offset=0x560000  arg1/len=0x1
      completion : vec0=0x20000000 vec3=0x1 vec0=0x20000000 vec3=0x2
#7    op=0x001001                seq=23921 size=8  
      data bytes : 00 00 56 00 01 00 00 00
      data words : 00560000 00000001
      if SET    : arg0/offset=0x560000  arg1/len=0x1
      completion : vec0=0x20000000 vec3=0x1 vec0=0x20000000 vec3=0x2
#8    op=0x001001                seq=23922 size=8  
      data bytes : 00 00 56 00 01 00 00 00
      data words : 00560000 00000001
      if SET    : arg0/offset=0x560000  arg1/len=0x1
      completion : vec0=0x20000000 vec3=0x1 vec0=0x20000000 vec3=0x2
#9    op=0x001001                seq=23923 size=8  
      data bytes : 00 00 56 00 01 00 00 00
      data words : 00560000 00000001
      if SET    : arg0/offset=0x560000  arg1/len=0x1
      completion : vec0=0x20000000 vec3=0x1 vec0=0x20000000 vec3=0x2
#10   op=0x800001                seq=23924 size=9  
      data bytes : 18 00 00 00 01 00 00 00 01
      data words : 00000018 00000001 ????????
      if SET    : arg0/offset=0x18  arg1/len=0x1
      completion : vec0=0x20000000 vec3=0x3
#11   op=0x800002                seq=23925 size=4  
      data bytes : 02 00 00 00
      data words : 00000002
      completion : vec0=0x20000000 vec3=0x1 vec0=0x20000000 vec3=0x2
#12   op=0x001001                seq=23926 size=8  
      data bytes : 00 00 56 00 01 00 00 00
      data words : 00560000 00000001
      if SET    : arg0/offset=0x560000  arg1/len=0x1
      completion : vec0=0x20000000 vec3=0x1 vec0=0x20000000 vec3=0x2
#13   op=0x001001                seq=23927 size=8  
      data bytes : 00 00 56 00 01 00 00 00
      data words : 00560000 00000001
      if SET    : arg0/offset=0x560000  arg1/len=0x1
      completion : vec0=0x20000000 vec3=0x1 vec0=0x20000000 vec3=0x2
#14   op=0x001001                seq=23928 size=8  
      data bytes : 00 00 56 00 01 00 00 00
      data words : 00560000 00000001
      if SET    : arg0/offset=0x560000  arg1/len=0x1
      completion : vec0=0x20000000 vec3=0x1 vec0=0x20000000 vec3=0x2
#15   op=0x001001                seq=23929 size=8  
      data bytes : 00 00 56 00 01 00 00 00
      data words : 00560000 00000001
      if SET    : arg0/offset=0x560000  arg1/len=0x1
      completion : vec0=0x20000000 vec3=0x1 vec0=0x20000000 vec3=0x2
#16   op=0x001001                seq=23930 size=8  
      data bytes : 00 00 56 00 01 00 00 00
      data words : 00560000 00000001
      if SET    : arg0/offset=0x560000  arg1/len=0x1
      completion : vec0=0x20000000 vec3=0x1 vec0=0x20000000 vec3=0x2
#17   op=0x001001                seq=23931 size=8  
      data bytes : 00 00 56 00 01 00 00 00
      data words : 00560000 00000001
      if SET    : arg0/offset=0x560000  arg1/len=0x1
      completion : vec0=0x20000000 vec3=0x1 vec0=0x20000000 vec3=0x2
#18   op=0x001001                seq=23932 size=8  
      data bytes : 00 00 56 00 01 00 00 00
      data words : 00560000 00000001
      if SET    : arg0/offset=0x560000  arg1/len=0x1
      completion : vec0=0x20000000 vec3=0x1 vec0=0x20000000 vec3=0x2
#19   op=0x001001                seq=23933 size=8  
      data bytes : 00 00 56 00 01 00 00 00
      data words : 00560000 00000001
      if SET    : arg0/offset=0x560000  arg1/len=0x1
      completion : vec0=0x20000000 vec3=0x1 vec0=0x20000000 vec3=0x2
#20   op=0x001001                seq=23934 size=8  
      data bytes : 00 00 56 00 01 00 00 00
      data words : 00560000 00000001
      if SET    : arg0/offset=0x560000  arg1/len=0x1
      completion : vec0=0x20000000 vec3=0x1 vec0=0x20000000 vec3=0x2
#21   op=0x001001                seq=23935 size=8  
      data bytes : 00 00 56 00 01 00 00 00
      data words : 00560000 00000001
      if SET    : arg0/offset=0x560000  arg1/len=0x1
      completion : vec0=0x20000000 vec3=0x1 vec0=0x20000000 vec3=0x2
#22   op=0x001001                seq=23936 size=8  
      data bytes : 00 00 56 00 01 00 00 00
      data words : 00560000 00000001
      if SET    : arg0/offset=0x560000  arg1/len=0x1
      completion : vec0=0x20000000 vec3=0x1 vec0=0x20000000 vec3=0x2
#23   op=0x001001                seq=23937 size=8  
      data bytes : 00 00 56 00 01 00 00 00
      data words : 00560000 00000001
      if SET    : arg0/offset=0x560000  arg1/len=0x1
      completion : vec0=0x20000000 vec3=0x1 vec0=0x20000000 vec3=0x2
#24   op=0x001001                seq=23938 size=8  
      data bytes : 00 00 56 00 01 00 00 00
      data words : 00560000 00000001
      if SET    : arg0/offset=0x560000  arg1/len=0x1
      completion : vec0=0x20000000 vec3=0x1 vec0=0x20000000 vec3=0x2
#25   op=0x001001                seq=23939 size=8  
      data bytes : 00 00 56 00 01 00 00 00
      data words : 00560000 00000001
      if SET    : arg0/offset=0x560000  arg1/len=0x1
      completion : vec0=0x20000000 vec3=0x1 vec0=0x20000000 vec3=0x2
#26   op=0x001001                seq=23940 size=8  
      data bytes : 00 00 56 00 01 00 00 00
      data words : 00560000 00000001
      if SET    : arg0/offset=0x560000  arg1/len=0x1
      completion : vec0=0x20000000 vec3=0x1 vec0=0x20000000 vec3=0x2
#27   op=0x001001                seq=23941 size=8  
      data bytes : 00 00 56 00 01 00 00 00
      data words : 00560000 00000001
      if SET    : arg0/offset=0x560000  arg1/len=0x1
      completion : vec0=0x20000000 vec3=0x1 vec0=0x20000000 vec3=0x2
#28   op=0x001001                seq=23942 size=8  
      data bytes : 00 00 56 00 01 00 00 00
      data words : 00560000 00000001
      if SET    : arg0/offset=0x560000  arg1/len=0x1
      completion : vec0=0x20000000 vec3=0x1 vec0=0x20000000 vec3=0x2
#29   op=0x001001                seq=23943 size=8  
      data bytes : 00 00 56 00 01 00 00 00
      data words : 00560000 00000001
      if SET    : arg0/offset=0x560000  arg1/len=0x1
      completion : vec0=0x20000000 vec3=0x1 vec0=0x20000000 vec3=0x2
#30   op=0x001001                seq=23944 size=8  
      data bytes : 00 00 56 00 01 00 00 00
      data words : 00560000 00000001
      if SET    : arg0/offset=0x560000  arg1/len=0x1
      completion : vec0=0x20000000 vec3=0x1 vec0=0x20000000 vec3=0x2
#31   op=0x001001                seq=23945 size=8  
      data bytes : 00 00 56 00 01 00 00 00
      data words : 00560000 00000001
      if SET    : arg0/offset=0x560000  arg1/len=0x1
      completion : vec0=0x20000000 vec3=0x1 vec0=0x20000000 vec3=0x2
#32   op=0x001001                seq=23946 size=8  
      data bytes : 00 00 56 00 01 00 00 00
      data words : 00560000 00000001
      if SET    : arg0/offset=0x560000  arg1/len=0x1
      completion : vec0=0x20000000 vec3=0x1 vec0=0x20000000 vec3=0x2
#33   op=0x001001                seq=23947 size=8  
      data bytes : 00 00 56 00 01 00 00 00
      data words : 00560000 00000001
      if SET    : arg0/offset=0x560000  arg1/len=0x1
      completion : vec0=0x20000000 vec3=0x1 vec0=0x20000000 vec3=0x2
#34   op=0x001001                seq=23948 size=8  
      data bytes : 00 00 56 00 01 00 00 00
      data words : 00560000 00000001
      if SET    : arg0/offset=0x560000  arg1/len=0x1
      completion : vec0=0x20000000 vec3=0x1 vec0=0x20000000 vec3=0x2
#35   op=0x001001                seq=23949 size=8  
      data bytes : 00 00 56 00 01 00 00 00
      data words : 00560000 00000001
      if SET    : arg0/offset=0x560000  arg1/len=0x1
      completion : vec0=0x20000000 vec3=0x1 vec0=0x20000000 vec3=0x2
#36   op=0x001001                seq=23950 size=8  
      data bytes : 00 00 56 00 01 00 00 00
      data words : 00560000 00000001
      if SET    : arg0/offset=0x560000  arg1/len=0x1
      completion : vec0=0x20000000 vec3=0x1 vec0=0x20000000 vec3=0x2
#37   op=0x001001                seq=23951 size=8  
      data bytes : 00 00 56 00 01 00 00 00
      data words : 00560000 00000001
      if SET    : arg0/offset=0x560000  arg1/len=0x1
      completion : vec0=0x20000000 vec3=0x1 vec0=0x20000000 vec3=0x2
#38   op=0x001001                seq=23952 size=8  
      data bytes : 00 00 56 00 01 00 00 00
      data words : 00560000 00000001
      if SET    : arg0/offset=0x560000  arg1/len=0x1
      completion : vec0=0x20000000 vec3=0x1 vec0=0x20000000 vec3=0x2
#39   op=0x001001                seq=23953 size=8  
      data bytes : 00 00 56 00 01 00 00 00
      data words : 00560000 00000001
      if SET    : arg0/offset=0x560000  arg1/len=0x1
      completion : vec0=0x20000000 vec3=0x1 vec0=0x20000000 vec3=0x2
